[Olga,Cheque,0.1] => new EmailMessage()
{
    Important = True
    Subject = "New rate!"
    Body = Dear Olga

We are sending you this message with respect to your chequing account

The interest rate at which you earn interest has changed to 0,101%.


Kind regards - your bank.

}
[Olga,Cheque,0.01] => new EmailMessage()
{
    Important = False
    Subject = "New rate!"
    Body = Dear Olga

We are sending you this message with respect to your chequing account

The interest rate at which you earn interest has changed to 0,0101%.


Kind regards - your bank.

}
[Olga,Cheque,0.2] => new EmailMessage()
{
    Important = True
    Subject = "New rate!"
    Body = Dear Olga

We are sending you this message with respect to your chequing account

The interest rate at which you earn interest has changed to 0,202%.


Kind regards - your bank.

}
[Olga,Credit,0.1] => new EmailMessage()
{
    Important = True
    Subject = "New rate!"
    Body = Dear Olga

We are sending you this message with respect to your credit card

The interest rate for which you will be charged for new purchases is now 0,101%


Kind regards - your bank.

}
[Olga,Credit,0.01] => new EmailMessage()
{
    Important = False
    Subject = "New rate!"
    Body = Dear Olga

We are sending you this message with respect to your credit card

The interest rate for which you will be charged for new purchases is now 0,0101%


Kind regards - your bank.

}
[Olga,Credit,0.2] => new EmailMessage()
{
    Important = True
    Subject = "New rate!"
    Body = Dear Olga

We are sending you this message with respect to your credit card

The interest rate for which you will be charged for new purchases is now 0,202%


Kind regards - your bank.

}
[Olga,Savings,0.1] => new EmailMessage()
{
    Important = True
    Subject = "New rate!"
    Body = Dear Olga

We are sending you this message with respect to your on line savings account

Your savings interest rate has changed to 0,101%


Kind regards - your bank.

}
[Olga,Savings,0.01] => new EmailMessage()
{
    Important = False
    Subject = "New rate!"
    Body = Dear Olga

We are sending you this message with respect to your on line savings account

Your savings interest rate has changed to 0,0101%


Kind regards - your bank.

}
[Olga,Savings,0.2] => new EmailMessage()
{
    Important = True
    Subject = "New rate!"
    Body = Dear Olga

We are sending you this message with respect to your on line savings account

Your savings interest rate has changed to 0,202%


Kind regards - your bank.

}
[Evgeniy,Cheque,0.1] => new EmailMessage()
{
    Important = True
    Subject = "New rate!"
    Body = Dear Evgeniy

We are sending you this message with respect to your chequing account

The interest rate at which you earn interest has changed to 0,101%.


Kind regards - your bank.

}
[Evgeniy,Cheque,0.01] => new EmailMessage()
{
    Important = False
    Subject = "New rate!"
    Body = Dear Evgeniy

We are sending you this message with respect to your chequing account

The interest rate at which you earn interest has changed to 0,0101%.


Kind regards - your bank.

}
[Evgeniy,Cheque,0.2] => new EmailMessage()
{
    Important = True
    Subject = "New rate!"
    Body = Dear Evgeniy

We are sending you this message with respect to your chequing account

The interest rate at which you earn interest has changed to 0,202%.


Kind regards - your bank.

}
[Evgeniy,Credit,0.1] => new EmailMessage()
{
    Important = True
    Subject = "New rate!"
    Body = Dear Evgeniy

We are sending you this message with respect to your credit card

The interest rate for which you will be charged for new purchases is now 0,101%


Kind regards - your bank.

}
[Evgeniy,Credit,0.01] => new EmailMessage()
{
    Important = False
    Subject = "New rate!"
    Body = Dear Evgeniy

We are sending you this message with respect to your credit card

The interest rate for which you will be charged for new purchases is now 0,0101%


Kind regards - your bank.

}
[Evgeniy,Credit,0.2] => new EmailMessage()
{
    Important = True
    Subject = "New rate!"
    Body = Dear Evgeniy

We are sending you this message with respect to your credit card

The interest rate for which you will be charged for new purchases is now 0,202%


Kind regards - your bank.

}
[Evgeniy,Savings,0.1] => new EmailMessage()
{
    Important = True
    Subject = "New rate!"
    Body = Dear Evgeniy

We are sending you this message with respect to your on line savings account

Your savings interest rate has changed to 0,101%


Kind regards - your bank.

}
[Evgeniy,Savings,0.01] => new EmailMessage()
{
    Important = False
    Subject = "New rate!"
    Body = Dear Evgeniy

We are sending you this message with respect to your on line savings account

Your savings interest rate has changed to 0,0101%


Kind regards - your bank.

}
[Evgeniy,Savings,0.2] => new EmailMessage()
{
    Important = True
    Subject = "New rate!"
    Body = Dear Evgeniy

We are sending you this message with respect to your on line savings account

Your savings interest rate has changed to 0,202%


Kind regards - your bank.

}
